[traceId:3501971e-4118-4970-b4a7-8af85adb1025] [33m[auth][warn][env-url-basepath-redundant][0m Read more: https://warnings.authjs.dev#env-url-basepath-redundant
[traceId:754740df-afef-4e47-b7c1-c66e72385a31] [33m[auth][warn][env-url-basepath-redundant][0m Read more: https://warnings.authjs.dev#env-url-basepath-redundant
[traceId:c892d35b-7468-4e83-a174-95d4c7c4f67e] [33m[auth][warn][env-url-basepath-redundant][0m Read more: https://warnings.authjs.dev#env-url-basepath-redundant
[traceId:e48e3200-aad4-41d1-b6af-3635996cf8e9] [33m[auth][warn][env-url-basepath-redundant][0m Read more: https://warnings.authjs.dev#env-url-basepath-redundant
[traceId:ff8063cd-f29b-410a-a370-377bd3e878a0] [33m[auth][warn][env-url-basepath-redundant][0m Read more: https://warnings.authjs.dev#env-url-basepath-redundant
[traceId:d66c00a2-167a-4f89-8ea1-cd9d7d50cb09] [33m[auth][warn][env-url-basepath-redundant][0m Read more: https://warnings.authjs.dev#env-url-basepath-redundant
[traceId:0ec557ec-0d97-4959-9046-fea57577c00c] [33m[auth][warn][env-url-basepath-redundant][0m Read more: https://warnings.authjs.dev#env-url-basepath-redundant
[traceId:25f3c21f-cdc1-45eb-b69d-91f24e883a79] [33m[auth][warn][env-url-basepath-redundant][0m Read more: https://warnings.authjs.dev#env-url-basepath-redundant
[traceId:d971f2e8-fedb-4f97-ba98-5fdb501c1989] [33m[auth][warn][env-url-basepath-redundant][0m Read more: https://warnings.authjs.dev#env-url-basepath-redundant
[traceId:d971f2e8-fedb-4f97-ba98-5fdb501c1989] [31m[auth][error][0m CallbackRouteError: Read more at https://errors.authjs.dev#callbackrouteerror
[traceId:d971f2e8-fedb-4f97-ba98-5fdb501c1989] [31m[auth][cause][0m: OperationProcessingError: unexpected "iss" (issuer) response parameter value
    at OPE (file:///C:/Users/MDX-SERVER/Videos/MDX%20BILLING%20APP/apps/web/node_modules/oauth4webapi/build/index.js:116:12)
    at Module.validateAuthResponse (file:///C:/Users/MDX-SERVER/Videos/MDX%20BILLING%20APP/apps/web/node_modules/oauth4webapi/build/index.js:2069:15)
    at handleOAuth (file:///C:/Users/MDX-SERVER/Videos/MDX%20BILLING%20APP/apps/web/node_modules/@auth/core/lib/actions/callback/oauth/callback.js:93:29)
    at process.processTicksAndRejections (node:internal/process/task_queues:104:5)
    at async Module.callback (file:///C:/Users/MDX-SERVER/Videos/MDX%20BILLING%20APP/apps/web/node_modules/@auth/core/lib/actions/callback/index.js:37:41)
    at async AuthInternal (file:///C:/Users/MDX-SERVER/Videos/MDX%20BILLING%20APP/apps/web/node_modules/@auth/core/lib/index.js:29:24)
    at async Auth (file:///C:/Users/MDX-SERVER/Videos/MDX%20BILLING%20APP/apps/web/node_modules/@auth/core/index.js:111:34)
    at async file:///C:/Users/MDX-SERVER/Videos/MDX%20BILLING%20APP/apps/web/node_modules/@hono/auth-js/dist/index.js:84:15
    at async dispatch (file:///C:/Users/MDX-SERVER/Videos/MDX%20BILLING%20APP/apps/web/node_modules/hono/dist/compose.js:22:17)
    at async file:///C:/Users/MDX-SERVER/Videos/MDX%20BILLING%20APP/apps/web/node_modules/@hono/auth-js/dist/index.js:74:3
[traceId:d971f2e8-fedb-4f97-ba98-5fdb501c1989] [31m[auth][details][0m: {
  "expected": "https://accounts.google.com",
  "parameters": {},
  "provider": "google"
}
[traceId:636aefb8-b4af-4b0a-9cbc-592a0e10978b] [33m[auth][warn][env-url-basepath-redundant][0m Read more: https://warnings.authjs.dev#env-url-basepath-redundant
[traceId:0df243ce-1d40-45e2-b3fb-2ebb8bf9d517] [33m[auth][warn][env-url-basepath-redundant][0m Read more: https://warnings.authjs.dev#env-url-basepath-redundant
[traceId:b19bc6aa-47cf-4789-8947-aaa1ac8228c6] [33m[auth][warn][env-url-basepath-redundant][0m Read more: https://warnings.authjs.dev#env-url-basepath-redundant
[traceId:0ca7bf76-bf79-4ff4-bfe8-9e88184a20cd] [33m[auth][warn][env-url-basepath-redundant][0m Read more: https://warnings.authjs.dev#env-url-basepath-redundant
[traceId:ca927a90-63f3-4844-bc67-6d58fb357d5f] [33m[auth][warn][env-url-basepath-redundant][0m Read more: https://warnings.authjs.dev#env-url-basepath-redundant
[traceId:808c8174-1794-4c41-b94c-37a31294bde6] [33m[auth][warn][env-url-basepath-redundant][0m Read more: https://warnings.authjs.dev#env-url-basepath-redundant
[traceId:19f8073a-e1fa-44eb-97be-08740592cf43] [33m[auth][warn][env-url-basepath-redundant][0m Read more: https://warnings.authjs.dev#env-url-basepath-redundant
[traceId:1e7666d3-a9a7-4775-8de7-c4e2361ed947] [33m[auth][warn][env-url-basepath-redundant][0m Read more: https://warnings.authjs.dev#env-url-basepath-redundant
[traceId:c7744bd1-f8e0-4791-8b48-6b62866d1d0c] [33m[auth][warn][env-url-basepath-redundant][0m Read more: https://warnings.authjs.dev#env-url-basepath-redundant
[traceId:d5a01c98-7044-4fa3-afe5-ff93208aa135] [33m[auth][warn][env-url-basepath-redundant][0m Read more: https://warnings.authjs.dev#env-url-basepath-redundant
[traceId:9d42f1f7-64d1-4a5f-b81a-efbaec8978ae] [33m[auth][warn][env-url-basepath-redundant][0m Read more: https://warnings.authjs.dev#env-url-basepath-redundant
[traceId:63463370-ed17-4118-8505-1c80e5a510f0] [33m[auth][warn][env-url-basepath-redundant][0m Read more: https://warnings.authjs.dev#env-url-basepath-redundant
[traceId:15c2e150-c130-4280-93d1-aaab6cc54b15] [33m[auth][warn][env-url-basepath-redundant][0m Read more: https://warnings.authjs.dev#env-url-basepath-redundant
[traceId:a482206b-9b61-4b6a-820e-6c1e65b4f71a] [33m[auth][warn][env-url-basepath-redundant][0m Read more: https://warnings.authjs.dev#env-url-basepath-redundant
[traceId:701be0fb-f6b7-48d8-8d9c-df37279dafa5] [33m[auth][warn][env-url-basepath-redundant][0m Read more: https://warnings.authjs.dev#env-url-basepath-redundant
[traceId:7fed72d5-cec7-4f48-a6ee-0626efb6238d] [33m[auth][warn][env-url-basepath-redundant][0m Read more: https://warnings.authjs.dev#env-url-basepath-redundant
[traceId:9eead751-0291-4abe-af26-f4979571aab2] [33m[auth][warn][env-url-basepath-redundant][0m Read more: https://warnings.authjs.dev#env-url-basepath-redundant
[traceId:5b1960d0-fe0d-428d-a55f-6d594051cf59] [33m[auth][warn][env-url-basepath-redundant][0m Read more: https://warnings.authjs.dev#env-url-basepath-redundant
[traceId:d7c25b17-1e09-4488-a024-cfbaca90d2b8] [33m[auth][warn][env-url-basepath-redundant][0m Read more: https://warnings.authjs.dev#env-url-basepath-redundant
[traceId:9cb010f1-e0f1-4e0f-b67e-1c7aa8d53c50] [33m[auth][warn][env-url-basepath-redundant][0m Read more: https://warnings.authjs.dev#env-url-basepath-redundant
[traceId:5b76e195-c38e-42a8-93d5-7e0a14dee11f] [33m[auth][warn][env-url-basepath-redundant][0m Read more: https://warnings.authjs.dev#env-url-basepath-redundant
[traceId:91d19776-1136-49f2-99c4-f2d2514ccbc8] [33m[auth][warn][env-url-basepath-redundant][0m Read more: https://warnings.authjs.dev#env-url-basepath-redundant
[traceId:84b2f6ac-bea6-4a63-94c5-a2a5240621b1] [33m[auth][warn][env-url-basepath-redundant][0m Read more: https://warnings.authjs.dev#env-url-basepath-redundant
[traceId:074382b7-6df3-45d3-9db2-b35123669106] [33m[auth][warn][env-url-basepath-redundant][0m Read more: https://warnings.authjs.dev#env-url-basepath-redundant
[traceId:9ac70fe1-3def-4849-b206-478e292eb307] [33m[auth][warn][env-url-basepath-redundant][0m Read more: https://warnings.authjs.dev#env-url-basepath-redundant
[traceId:99697b1d-6425-4fa6-9dd3-1252b6e238b3] [33m[auth][warn][env-url-basepath-redundant][0m Read more: https://warnings.authjs.dev#env-url-basepath-redundant
[traceId:1402f0e2-ee1e-4ae5-b4eb-e4cdfa45ae45] [33m[auth][warn][env-url-basepath-redundant][0m Read more: https://warnings.authjs.dev#env-url-basepath-redundant
[traceId:d3cf2287-3046-4b71-9b28-b5d0ac62e7e8] [33m[auth][warn][env-url-basepath-redundant][0m Read more: https://warnings.authjs.dev#env-url-basepath-redundant
[traceId:6fc5b872-ba33-4b3e-ab92-28616a30d264] [33m[auth][warn][env-url-basepath-redundant][0m Read more: https://warnings.authjs.dev#env-url-basepath-redundant
[traceId:5d3abce4-bb46-4aa8-a234-eb245a851013] [33m[auth][warn][env-url-basepath-redundant][0m Read more: https://warnings.authjs.dev#env-url-basepath-redundant
[traceId:49a1af5f-6b43-4185-88de-52c036bc08f0] [33m[auth][warn][env-url-basepath-redundant][0m Read more: https://warnings.authjs.dev#env-url-basepath-redundant
[traceId:2474b077-e83e-4363-8c05-6b7e80eb28c9] [33m[auth][warn][env-url-basepath-redundant][0m Read more: https://warnings.authjs.dev#env-url-basepath-redundant
[traceId:203a0dba-214c-4df1-82cc-8c19d354d238] [33m[auth][warn][env-url-basepath-redundant][0m Read more: https://warnings.authjs.dev#env-url-basepath-redundant
